// Jest Snapshot v1, https://goo.gl/fbAQLP

exports[`NetworkQualityLevel component should render correctly if isConnected 1`] = `null`;
